[    0.000000] Initializing cgroup subsys cpuset
[    0.000000] Initializing cgroup subsys cpu
[    0.000000] Initializing cgroup subsys cpuacct
[    0.000000] Linux version 4.4.0-210-generic (buildd@lgw01-amd64-009) (gcc version 5.4.0 20160609 (Ubuntu 5.4.0-6ubuntu1~16.04.12) ) #242-Ubuntu SMP Fri Apr 16 09:57:56 UTC 2021 (Ubuntu 4.4.0-210.242-generic 4.4.262)
[    0.000000] Command line: BOOT_IMAGE=/boot/vmlinuz-4.4.0-210-generic root=LABEL=cloudimg-rootfs ro console=tty1 console=ttyS0
[    0.000000] KERNEL supported cpus:
[    0.000000]   Intel GenuineIntel
[    0.000000]   AMD AuthenticAMD
[    0.000000]   Centaur CentaurHauls
[    0.000000] x86/fpu: xstate_offset[2]:  576, xstate_sizes[2]:  256
[    0.000000] x86/fpu: Supporting XSAVE feature 0x01: 'x87 floating point registers'
[    0.000000] x86/fpu: Supporting XSAVE feature 0x02: 'SSE registers'
[    0.000000] x86/fpu: Supporting XSAVE feature 0x04: 'AVX registers'
[    0.000000] x86/fpu: Enabled xstate features 0x7, context size is 832 bytes, using 'standard' format.
[    0.000000] e820: BIOS-provided physical RAM map:
[    0.000000] BIOS-e820: [mem 0x0000000000000000-0x000000000009fbff] usable
[    0.000000] BIOS-e820: [mem 0x000000000009fc00-0x000000000009ffff] reserved
[    0.000000] BIOS-e820: [mem 0x00000000000f0000-0x00000000000fffff] reserved
[    0.000000] BIOS-e820: [mem 0x0000000000100000-0x000000003ffeffff] usable
[    0.000000] BIOS-e820: [mem 0x000000003fff0000-0x000000003fffffff] ACPI data
[    0.000000] BIOS-e820: [mem 0x00000000fec00000-0x00000000fec00fff] reserved
[    0.000000] BIOS-e820: [mem 0x00000000fee00000-0x00000000fee00fff] reserved
[    0.000000] BIOS-e820: [mem 0x00000000fffc0000-0x00000000ffffffff] reserved
[    0.000000] NX (Execute Disable) protection: active
[    0.000000] SMBIOS 2.5 present.
[    0.000000] Hypervisor detected: KVM
[    0.000000] e820: last_pfn = 0x3fff0 max_arch_pfn = 0x400000000
[    0.000000] MTRR: Disabled
[    0.000000] x86/PAT: MTRRs disabled, skipping PAT initialization too.
[    0.000000] CPU MTRRs all blank - virtualized system.
[    0.000000] x86/PAT: Configuration [0-7]: WB  WT  UC- UC  WB  WT  UC- UC  
[    0.000000] found SMP MP-table at [mem 0x0009fff0-0x0009ffff] mapped at [ffff88000009fff0]
[    0.000000] Scanning 1 areas for low memory corruption
[    0.000000] RAMDISK: [mem 0x362dc000-0x37165fff]
[    0.000000] ACPI: Early table checksum verification disabled
[    0.000000] ACPI: RSDP 0x00000000000E0000 000024 (v02 VBOX  )
[    0.000000] ACPI: XSDT 0x000000003FFF0030 00003C (v01 VBOX   VBOXXSDT 00000001 ASL  00000061)
[    0.000000] ACPI: FACP 0x000000003FFF00F0 0000F4 (v04 VBOX   VBOXFACP 00000001 ASL  00000061)
[    0.000000] ACPI: DSDT 0x000000003FFF0470 002325 (v02 VBOX   VBOXBIOS 00000002 INTL 20100528)
[    0.000000] ACPI: FACS 0x000000003FFF0200 000040
[    0.000000] ACPI: FACS 0x000000003FFF0200 000040
[    0.000000] ACPI: APIC 0x000000003FFF0240 00005C (v02 VBOX   VBOXAPIC 00000001 ASL  00000061)
[    0.000000] ACPI: SSDT 0x000000003FFF02A0 0001CC (v01 VBOX   VBOXCPUT 00000002 INTL 20100528)
[    0.000000] No NUMA configuration found
[    0.000000] Faking a node at [mem 0x0000000000000000-0x000000003ffeffff]
[    0.000000] NODE_DATA(0) allocated [mem 0x3ffeb000-0x3ffeffff]
[    0.000000] kvm-clock: Using msrs 4b564d01 and 4b564d00
[    0.000000] kvm-clock: cpu 0, msr 0:3ffe3001, primary cpu clock
[    0.000000] kvm-clock: using sched offset of 3794539699 cycles
[    0.000000] clocksource: kvm-clock: mask: 0xffffffffffffffff max_cycles: 0x1cd42e4dffb, max_idle_ns: 881590591483 ns
[    0.000000] Zone ranges:
[    0.000000]   DMA      [mem 0x0000000000001000-0x0000000000ffffff]
[    0.000000]   DMA32    [mem 0x0000000001000000-0x000000003ffeffff]
[    0.000000]   Normal   empty
[    0.000000]   Device   empty
[    0.000000] Movable zone start for each node
[    0.000000] Early memory node ranges
[    0.000000]   node   0: [mem 0x0000000000001000-0x000000000009efff]
[    0.000000]   node   0: [mem 0x0000000000100000-0x000000003ffeffff]
[    0.000000] Initmem setup node 0 [mem 0x0000000000001000-0x000000003ffeffff]
[    0.000000] ACPI: PM-Timer IO Port: 0x4008
[    0.000000] IOAPIC[0]: apic_id 2, version 32, address 0xfec00000, GSI 0-23
[    0.000000] ACPI: INT_SRC_OVR (bus 0 bus_irq 0 global_irq 2 dfl dfl)
[    0.000000] ACPI: INT_SRC_OVR (bus 0 bus_irq 9 global_irq 9 low level)
[    0.000000] Using ACPI (MADT) for SMP configuration information
[    0.000000] smpboot: Allowing 2 CPUs, 0 hotplug CPUs
[    0.000000] PM: Registered nosave memory: [mem 0x00000000-0x00000fff]
[    0.000000] PM: Registered nosave memory: [mem 0x0009f000-0x0009ffff]
[    0.000000] PM: Registered nosave memory: [mem 0x000a0000-0x000effff]
[    0.000000] PM: Registered nosave memory: [mem 0x000f0000-0x000fffff]
[    0.000000] e820: [mem 0x40000000-0xfebfffff] available for PCI devices
[    0.000000] Booting paravirtualized kernel on KVM
[    0.000000] clocksource: refined-jiffies: mask: 0xffffffff max_cycles: 0xffffffff, max_idle_ns: 7645519600211568 ns
[    0.000000] setup_percpu: NR_CPUS:512 nr_cpumask_bits:512 nr_cpu_ids:2 nr_node_ids:1
[    0.000000] PERCPU: Embedded 33 pages/cpu @ffff88003fc00000 s95192 r8192 d31784 u1048576
[    0.000000] Built 1 zonelists in Node order, mobility grouping on.  Total pages: 257912
[    0.000000] Policy zone: DMA32
[    0.000000] Kernel command line: BOOT_IMAGE=/boot/vmlinuz-4.4.0-210-generic root=LABEL=cloudimg-rootfs ro console=tty1 console=ttyS0
[    0.000000] PID hash table entries: 4096 (order: 3, 32768 bytes)
[    0.000000] Memory: 997792K/1048120K available (8644K kernel code, 1332K rwdata, 4044K rodata, 1492K init, 1164K bss, 50328K reserved, 0K cma-reserved)
[    0.000000] SLUB: HWalign=64, Order=0-3, MinObjects=0, CPUs=2, Nodes=1
[    0.000000] Kernel/User page tables isolation: enabled
[    0.000000] Hierarchical RCU implementation.
[    0.000000] 	Build-time adjustment of leaf fanout to 64.
[    0.000000] 	RCU restricting CPUs from NR_CPUS=512 to nr_cpu_ids=2.
[    0.000000] RCU: Adjusting geometry for rcu_fanout_leaf=64, nr_cpu_ids=2
[    0.000000] NR_IRQS:33024 nr_irqs:440 16
[    0.000000] Console: colour VGA+ 80x25
[    0.000000] console [tty1] enabled
[    0.000000] console [ttyS0] enabled
[    0.000000] tsc: Detected 2712.000 MHz processor
[    0.201135] Calibrating delay loop (skipped) preset value.. 5424.00 BogoMIPS (lpj=10848000)
[    0.203386] pid_max: default: 32768 minimum: 301
[    0.204397] ACPI: Core revision 20150930
[    0.206262] ACPI: 2 ACPI AML tables successfully acquired and loaded
[    0.208300] Security Framework initialized
[    0.209736] Yama: becoming mindful.
[    0.211490] AppArmor: AppArmor initialized
[    0.212526] Dentry cache hash table entries: 131072 (order: 8, 1048576 bytes)
[    0.218666] Inode-cache hash table entries: 65536 (order: 7, 524288 bytes)
[    0.220745] Mount-cache hash table entries: 2048 (order: 2, 16384 bytes)
[    0.222770] Mountpoint-cache hash table entries: 2048 (order: 2, 16384 bytes)
[    0.224506] Initializing cgroup subsys io
[    0.225562] Initializing cgroup subsys memory
[    0.226539] Initializing cgroup subsys devices
[    0.227433] Initializing cgroup subsys freezer
[    0.228494] Initializing cgroup subsys net_cls
[    0.229545] Initializing cgroup subsys perf_event
[    0.230488] Initializing cgroup subsys net_prio
[    0.232182] Initializing cgroup subsys hugetlb
[    0.233114] Initializing cgroup subsys pids
[    0.251502] mce: CPU supports 0 MCE banks
[    0.252959] Last level iTLB entries: 4KB 64, 2MB 8, 4MB 8
[    0.254440] Last level dTLB entries: 4KB 64, 2MB 0, 4MB 0, 1GB 4
[    0.255517] Spectre V1 : Mitigation: usercopy/swapgs barriers and __user pointer sanitization
[    0.257411] Spectre V2 : Mitigation: Full generic retpoline
[    0.258750] Spectre V2 : Spectre v2 / SpectreRSB mitigation: Filling RSB on context switch
[    0.260416] Speculative Store Bypass: Vulnerable
[    0.261549] SRBDS: Unknown: Dependent on hypervisor status
[    0.263522] MDS: Mitigation: Clear CPU buffers
[    0.268171] Freeing SMP alternatives memory: 36K
[    0.277841] ftrace: allocating 32380 entries in 127 pages
[    0.358876] smpboot: APIC(0) Converting physical 0 to logical package 0
[    0.360269] smpboot: Max logical packages: 1
[    0.361983] x2apic enabled
[    0.363155] Switched APIC routing to physical x2apic.
[    0.365576] ..TIMER: vector=0x30 apic1=0 pin1=2 apic2=-1 pin2=-1
[    0.474919] smpboot: CPU0: Intel(R) Core(TM) i5-7200U CPU @ 2.50GHz (family: 0x6, model: 0x8e, stepping: 0x9)
[    0.478134] Performance Events: unsupported p6 CPU model 142 no PMU driver, software events only.
[    0.495988] KVM setup paravirtual spinlock
[    0.497736] x86: Booting SMP configuration:
[    0.498614] .... node  #0, CPUs:      #1
[    0.499625] kvm-clock: cpu 1, msr 0:3ffe3041, secondary cpu clock
[    0.518016] mce: CPU supports 0 MCE banks
[    0.521476] x86: Booted up 1 node, 2 CPUs
[    0.523785] smpboot: Total of 2 processors activated (10848.00 BogoMIPS)
[    0.526243] devtmpfs: initialized
[    0.529342] evm: security.selinux
[    0.530211] evm: security.SMACK64
[    0.531046] evm: security.SMACK64EXEC
[    0.531938] evm: security.SMACK64TRANSMUTE
[    0.532805] evm: security.SMACK64MMAP
[    0.533609] evm: security.ima
[    0.534310] evm: security.capability
[    0.535503] clocksource: jiffies: mask: 0xffffffff max_cycles: 0xffffffff, max_idle_ns: 7645041785100000 ns
[    0.537802] futex hash table entries: 512 (order: 3, 32768 bytes)
[    0.539377] pinctrl core: initialized pinctrl subsystem
[    0.540992] RTC time: 10:35:47, date: 05/11/23
[    0.544306] NET: Registered protocol family 16
[    0.556851] cpuidle: using governor ladder
[    0.568424] cpuidle: using governor menu
[    0.569340] PCCT header not found.
[    0.570449] ACPI: bus type PCI registered
[    0.571568] acpiphp: ACPI Hot Plug PCI Controller Driver version: 0.5
[    0.574141] PCI: Using configuration type 1 for base access
[    0.588589] ACPI: Added _OSI(Module Device)
[    0.589949] ACPI: Added _OSI(Processor Device)
[    0.591086] ACPI: Added _OSI(3.0 _SCP Extensions)
[    0.592718] ACPI: Added _OSI(Processor Aggregator Device)
[    0.595706] ACPI: Executed 1 blocks of module-level executable AML code
[    0.599173] ACPI: Interpreter enabled
[    0.600213] ACPI: (supports S0 S5)
[    0.601246] ACPI: Using IOAPIC for interrupt routing
[    0.603675] PCI: Using host bridge windows from ACPI; if necessary, use "pci=nocrs" and report a bug
[    0.610284] ACPI: PCI Root Bridge [PCI0] (domain 0000 [bus 00-ff])
[    0.612440] acpi PNP0A03:00: _OSC: OS supports [ASPM ClockPM Segments MSI]
[    0.614637] acpi PNP0A03:00: _OSC: not requesting OS control; OS requires [ExtendedConfig ASPM ClockPM MSI]
[    0.616633] acpi PNP0A03:00: fail to add MMCONFIG information, can't access extended PCI configuration space under this bridge.
[    0.620152] PCI host bridge to bus 0000:00
[    0.621377] pci_bus 0000:00: root bus resource [io  0x0000-0x0cf7 window]
[    0.623398] pci_bus 0000:00: root bus resource [io  0x0d00-0xffff window]
[    0.624939] pci_bus 0000:00: root bus resource [mem 0x000a0000-0x000bffff window]
[    0.627285] pci_bus 0000:00: root bus resource [mem 0x40000000-0xfdffffff window]
[    0.629769] pci_bus 0000:00: root bus resource [bus 00-ff]
[    0.633792] pci 0000:00:01.1: legacy IDE quirk: reg 0x10: [io  0x01f0-0x01f7]
[    0.635193] pci 0000:00:01.1: legacy IDE quirk: reg 0x14: [io  0x03f6]
[    0.636509] pci 0000:00:01.1: legacy IDE quirk: reg 0x18: [io  0x0170-0x0177]
[    0.653208] pci 0000:00:01.1: legacy IDE quirk: reg 0x1c: [io  0x0376]
[    0.670561] pci 0000:00:07.0: quirk: [io  0x4000-0x403f] claimed by PIIX4 ACPI
[    0.672862] pci 0000:00:07.0: quirk: [io  0x4100-0x410f] claimed by PIIX4 SMB
[    0.687690] ACPI: PCI Interrupt Link [LNKA] (IRQs 5 9 10 *11)
[    0.689868] ACPI: PCI Interrupt Link [LNKB] (IRQs 5 9 *10 11)
[    0.691798] ACPI: PCI Interrupt Link [LNKC] (IRQs 5 *9 10 11)
[    0.693682] ACPI: PCI Interrupt Link [LNKD] (IRQs 5 9 10 *11)
[    0.695472] ACPI: Enabled 2 GPEs in block 00 to 07
[    0.696843] vgaarb: setting as boot device: PCI:0000:00:02.0
[    0.698057] vgaarb: device added: PCI:0000:00:02.0,decodes=io+mem,owns=io+mem,locks=none
[    0.700361] vgaarb: loaded
[    0.701392] vgaarb: bridge control possible 0000:00:02.0
[    0.704249] SCSI subsystem initialized
[    0.706289] ACPI: bus type USB registered
[    0.708107] usbcore: registered new interface driver usbfs
[    0.709625] usbcore: registered new interface driver hub
[    0.711289] usbcore: registered new device driver usb
[    0.716292] PCI: Using ACPI for IRQ routing
[    0.718139] NetLabel: Initializing
[    0.719217] NetLabel:  domain hash size = 128
[    0.720210] NetLabel:  protocols = UNLABELED CIPSOv4
[    0.721256] NetLabel:  unlabeled traffic allowed by default
[    0.722978] amd_nb: Cannot enumerate AMD northbridges
[    0.724069] clocksource: Switched to clocksource kvm-clock
[    0.737578] AppArmor: AppArmor Filesystem Enabled
[    0.738755] pnp: PnP ACPI init
[    0.741414] pnp: PnP ACPI: found 3 devices
[    0.753638] clocksource: acpi_pm: mask: 0xffffff max_cycles: 0xffffff, max_idle_ns: 2085701024 ns
[    0.755805] NET: Registered protocol family 2
[    0.756992] TCP established hash table entries: 8192 (order: 4, 65536 bytes)
[    0.758409] TCP bind hash table entries: 8192 (order: 5, 131072 bytes)
[    0.759954] TCP: Hash tables configured (established 8192 bind 8192)
[    0.761295] UDP hash table entries: 512 (order: 2, 16384 bytes)
[    0.762614] UDP-Lite hash table entries: 512 (order: 2, 16384 bytes)
[    0.763953] NET: Registered protocol family 1
[    0.764964] pci 0000:00:00.0: Limiting direct PCI/PCI transfers
[    0.766079] pci 0000:00:01.0: Activating ISA DMA hang workarounds
[    0.767444] Unpacking initramfs...
[    1.111785] Freeing initrd memory: 14888K
[    1.114555] clocksource: tsc: mask: 0xffffffffffffffff max_cycles: 0x2717868ea45, max_idle_ns: 440795316085 ns
[    1.118516] platform rtc_cmos: registered platform RTC device (no PNP device found)
[    1.122460] Scanning for low memory corruption every 60 seconds
[    1.126586] audit: initializing netlink subsys (disabled)
[    1.128159] audit: type=2000 audit(1683801353.503:1): initialized
[    1.130404] Initialise system trusted keyring
[    1.132382] HugeTLB registered 2 MB page size, pre-allocated 0 pages
[    1.135922] zbud: loaded
[    1.137940] VFS: Disk quotas dquot_6.6.0
[    1.139961] VFS: Dquot-cache hash table entries: 512 (order 0, 4096 bytes)
[    1.145668] squashfs: version 4.0 (2009/01/31) Phillip Lougher
[    1.148811] fuse init (API version 7.23)
[    1.150556] Key type big_key registered
[    1.152231] Allocating IMA MOK and blacklist keyrings.
[    1.155572] Key type asymmetric registered
[    1.157687] Asymmetric key parser 'x509' registered
[    1.159091] Block layer SCSI generic (bsg) driver version 0.4 loaded (major 249)
[    1.161639] io scheduler noop registered
[    1.163089] io scheduler deadline registered (default)
[    1.164541] io scheduler cfq registered
[    1.165714] pci_hotplug: PCI Hot Plug PCI Core version: 0.5
[    1.167544] pciehp: PCI Express Hot Plug Controller Driver version: 0.4
[    1.169702] ACPI: AC Adapter [AC] (on-line)
[    1.171559] input: Power Button as /devices/LNXSYSTM:00/LNXPWRBN:00/input/input0
[    1.178445] ACPI: Power Button [PWRF]
[    1.179888] input: Sleep Button as /devices/LNXSYSTM:00/LNXSLPBN:00/input/input1
[    1.183659] ACPI: Sleep Button [SLPF]
[    1.185965] GHES: HEST is not enabled!
[    1.186903] ACPI: Battery Slot [BAT0] (battery present)
[    1.189954] Serial: 8250/16550 driver, 32 ports, IRQ sharing enabled
[    1.213026] 00:02: ttyS0 at I/O 0x3f8 (irq = 4, base_baud = 115200) is a 16550A
[    1.219495] Linux agpgart interface v0.103
[    1.223874] loop: module loaded
[    1.226416] scsi host0: ata_piix
[    1.227884] scsi host1: ata_piix
[    1.229193] ata1: PATA max UDMA/33 cmd 0x1f0 ctl 0x3f6 bmdma 0xd000 irq 14
[    1.231083] ata2: PATA max UDMA/33 cmd 0x170 ctl 0x376 bmdma 0xd008 irq 15
[    1.233740] libphy: Fixed MDIO Bus: probed
[    1.235380] tun: Universal TUN/TAP device driver, 1.6
[    1.237096] tun: (C) 1999-2004 Max Krasnyansky <maxk@qualcomm.com>
[    1.239487] PPP generic driver version 2.4.2
[    1.241001] ehci_hcd: USB 2.0 'Enhanced' Host Controller (EHCI) Driver
[    1.243085] ehci-pci: EHCI PCI platform driver
[    1.244623] ehci-platform: EHCI generic platform driver
[    1.246418] ohci_hcd: USB 1.1 'Open' Host Controller (OHCI) Driver
[    1.248276] ohci-pci: OHCI PCI platform driver
[    1.249750] ohci-platform: OHCI generic platform driver
[    1.251329] uhci_hcd: USB Universal Host Controller Interface driver
[    1.253581] i8042: PNP: PS/2 Controller [PNP0303:PS2K,PNP0f03:PS2M] at 0x60,0x64 irq 1,12
[    1.258258] serio: i8042 KBD port at 0x60,0x64 irq 1
[    1.259374] serio: i8042 AUX port at 0x60,0x64 irq 12
[    1.260628] mousedev: PS/2 mouse device common for all mice
[    1.262299] input: AT Translated Set 2 keyboard as /devices/platform/i8042/serio0/input/input2
[    1.265100] rtc_cmos rtc_cmos: rtc core: registered rtc_cmos as rtc0
[    1.266424] rtc_cmos rtc_cmos: alarms up to one day, 114 bytes nvram
[    1.267692] i2c /dev entries driver
[    1.268675] device-mapper: uevent: version 1.0.3
[    1.269885] device-mapper: ioctl: 4.34.0-ioctl (2015-10-28) initialised: dm-devel@redhat.com
[    1.272281] ledtrig-cpu: registered to indicate activity on CPUs
[    1.275496] NET: Registered protocol family 10
[    1.276832] NET: Registered protocol family 17
[    1.277805] Key type dns_resolver registered
[    1.279334] registered taskstats version 1
[    1.280350] Loading compiled-in X.509 certificates
[    1.282141] Loaded X.509 cert 'Build time autogenerated kernel key: cf00e047681d67edb2720680708b7d9498083038'
[    1.285629] zswap: loaded using pool lzo/zbud
[    1.288906] Key type trusted registered
[    1.293530] Key type encrypted registered
[    1.294430] AppArmor: AppArmor sha1 policy hashing enabled
[    1.295490] ima: No TPM chip found, activating TPM-bypass!
[    1.296698] ima: Allocated hash algorithm: sha1
[    1.297644] evm: HMAC attrs: 0x1
[    1.298941]   Magic number: 7:907:577
[    1.299962] rtc_cmos rtc_cmos: setting system clock to 2023-05-11 10:35:48 UTC (1683801348)
[    1.302013] BIOS EDD facility v0.16 2004-Jun-25, 0 devices found
[    1.305004] EDD information not available.
[    1.415066] Freeing unused kernel memory: 1492K
[    1.416048] Write protecting the kernel read-only data: 14336k
[    1.418039] Freeing unused kernel memory: 1584K
[    1.420469] Freeing unused kernel memory: 52K
Loading, please wait...
starting version 229
[    1.436870] random: systemd-udevd: uninitialized urandom read (16 bytes read, 3 bits of entropy available)
[    1.438057] random: udevadm: uninitialized urandom read (16 bytes read, 3 bits of entropy available)
[    1.438096] random: udevadm: uninitialized urandom read (16 bytes read, 3 bits of entropy available)
[    1.447272] random: systemd-udevd: uninitialized urandom read (16 bytes read, 3 bits of entropy available)
[    1.450440] random: systemd-udevd: uninitialized urandom read (16 bytes read, 3 bits of entropy available)
[    1.453718] random: udevadm: uninitialized urandom read (16 bytes read, 3 bits of entropy available)
[    1.453789] random: udevadm: uninitialized urandom read (16 bytes read, 3 bits of entropy available)
[    1.454134] random: udevadm: uninitialized urandom read (16 bytes read, 3 bits of entropy available)
[    1.454227] random: udevadm: uninitialized urandom read (16 bytes read, 3 bits of entropy available)
[    1.454362] random: udevadm: uninitialized urandom read (16 bytes read, 3 bits of entropy available)
[    1.539651] e1000: Intel(R) PRO/1000 Network Driver - version 7.3.21-k8-NAPI
[    1.542706] e1000: Copyright (c) 1999-2006 Intel Corporation.
[    1.544903] Fusion MPT base driver 3.04.20
[    1.546456] Copyright (c) 1999-2008 LSI Corporation
[    1.559066] Fusion MPT SPI Host driver 3.04.20
[    1.612687] AVX2 version of gcm_enc/dec engaged.
[    1.614256] AES CTR mode by8 optimization enabled
[    1.761656] input: ImExPS/2 Generic Explorer Mouse as /devices/platform/i8042/serio1/input/input4
[    1.986075] e1000 0000:00:03.0 eth0: (PCI:33MHz:32-bit) 02:be:82:6b:cc:1d
[    1.987709] e1000 0000:00:03.0 eth0: Intel(R) PRO/1000 Network Connection
[    2.433506] e1000 0000:00:08.0 eth1: (PCI:33MHz:32-bit) 08:00:27:5c:ec:23
[    2.434927] e1000 0000:00:08.0 eth1: Intel(R) PRO/1000 Network Connection
[    2.437788] mptbase: ioc0: Initiating bringup
[    2.438958] e1000 0000:00:08.0 enp0s8: renamed from eth1
[    2.449218] e1000 0000:00:03.0 enp0s3: renamed from eth0
[    2.704724] ioc0: LSI53C1030 A0: Capabilities={Initiator}
[    4.220874] scsi host2: ioc0: LSI53C1030 A0, FwRev=00000000h, Ports=1, MaxQ=256, IRQ=20
[    5.130396] scsi 2:0:0:0: Direct-Access     VBOX     HARDDISK         1.0  PQ: 0 ANSI: 5
[    5.133703] scsi target2:0:0: Beginning Domain Validation
[    5.136046] scsi target2:0:0: Domain Validation skipping write tests
[    5.138150] scsi target2:0:0: Ending Domain Validation
[    5.139647] scsi target2:0:0: asynchronous
[    5.141915] scsi 2:0:1:0: Direct-Access     VBOX     HARDDISK         1.0  PQ: 0 ANSI: 5
[    5.157801] scsi target2:0:1: Beginning Domain Validation
[    5.160921] scsi target2:0:1: Domain Validation skipping write tests
[    5.162511] scsi target2:0:1: Ending Domain Validation
[    5.163832] scsi target2:0:1: asynchronous
[    5.175305] sd 2:0:0:0: Attached scsi generic sg0 type 0
[    5.177413] sd 2:0:0:0: [sda] 83886080 512-byte logical blocks: (42.9 GB/40.0 GiB)
[    5.177588] sd 2:0:1:0: Attached scsi generic sg1 type 0
[    5.177790] sd 2:0:1:0: [sdb] 20480 512-byte logical blocks: (10.5 MB/10.0 MiB)
[    5.177974] sd 2:0:1:0: [sdb] Write Protect is off
[    5.178097] sd 2:0:1:0: [sdb] Incomplete mode parameter data
[    5.178099] sd 2:0:1:0: [sdb] Assuming drive cache: write through
[    5.185709] sd 2:0:1:0: [sdb] Attached SCSI disk
[    5.192703] sd 2:0:0:0: [sda] Write Protect is off
[    5.194370] sd 2:0:0:0: [sda] Incomplete mode parameter data
[    5.195624] sd 2:0:0:0: [sda] Assuming drive cache: write through
[    5.199296]  sda: sda1
[    5.201230] sd 2:0:0:0: [sda] Attached SCSI disk
Begin: Loading essential drivers ... [    6.668575] md: linear personality registered for level -1
[    6.674354] md: multipath personality registered for level -4
[    6.679119] md: raid0 personality registered for level 0
[    6.684985] md: raid1 personality registered for level 1
[    6.756142] raid6: sse2x1   gen()  8450 MB/s
[    6.824135] raid6: sse2x1   xor()  5626 MB/s
[    6.892133] raid6: sse2x2   gen()  9662 MB/s
[    6.960126] raid6: sse2x2   xor()  6909 MB/s
[    7.028100] raid6: sse2x4   gen() 10855 MB/s
[    7.096197] raid6: sse2x4   xor()  7304 MB/s
[    7.164159] raid6: avx2x1   gen() 11545 MB/s
[    7.232249] raid6: avx2x2   gen() 13260 MB/s
[    7.300881] raid6: avx2x4   gen() 14728 MB/s
[    7.303645] raid6: using algorithm avx2x4 gen() 14728 MB/s
[    7.305226] raid6: using avx2x2 recovery algorithm
[    7.308918] xor: automatically using best checksumming function:
[    7.348181]    avx       : 18012.000 MB/sec
[    7.350839] async_tx: api initialized (async)
[    7.360467] md: raid6 personality registered for level 6
[    7.362440] md: raid5 personality registered for level 5
[    7.364107] md: raid4 personality registered for level 4
[    7.373823] md: raid10 personality registered for level 10
done.
Begin: Running /scripts/init-premount ... done.
Begin: Mounting root file system ... Begin: Running /scripts/local-top ... done.
Begin: Running /scripts/local-premount ... [    7.417214] Btrfs loaded
Scanning for Btrfs filesystems
done.
Warning: fsck not present, so skipping root file system
[    7.459372] EXT4-fs (sda1): mounted filesystem with ordered data mode. Opts: (null)
done.
Begin: Running /scripts/local-bottom ... done.
Begin: Running /scripts/init-bottom ... done.
[    7.600159] systemd[1]: systemd 229 running in system mode. (+PAM +AUDIT +SELINUX +IMA +APPARMOR +SMACK +SYSVINIT +UTMP +LIBCRYPTSETUP +GCRYPT +GNUTLS +ACL +XZ -LZ4 +SECCOMP +BLKID +ELFUTILS +KMOD -IDN)
[    7.605643] systemd[1]: Detected virtualization oracle.
[    7.606737] systemd[1]: Detected architecture x86-64.

Welcome to [1mUbuntu 16.04.7 LTS[0m!

[    7.611981] systemd[1]: Set hostname to <ubuntu>.
[    7.616363] systemd[1]: Initializing machine ID from random generator.
[    7.618722] systemd[1]: Installed transient /etc/machine-id file.
[    7.815642] systemd[1]: Started Trigger resolvconf update for networkd DNS.
[[0;32m  OK  [0m] Started Trigger resolvconf update for networkd DNS.
[    7.819124] systemd[1]: Reached target Encrypted Volumes.
[[0;32m  OK  [0m] Reached target Encrypted Volumes.
[    7.821588] systemd[1]: Listening on Device-mapper event daemon FIFOs.
[[0;32m  OK  [0m] Listening on Device-mapper event daemon FIFOs.
[    7.824539] systemd[1]: Set up automount Arbitrary Executable File Formats File System Automount Point.
[[0;32m  OK  [0m] Set up automount Arbitrary Executab...ats File System Automount Point.
[    7.836667] systemd[1]: Listening on LVM2 metadata daemon socket.
[[0;32m  OK  [0m] Listening on LVM2 metadata daemon socket.
[    7.844458] systemd[1]: Reached target User and Group Name Lookups.
[[0;32m  OK  [0m] Reached target User and Group Name Lookups.
[    7.847050] systemd[1]: Listening on fsck to fsckd communication Socket.
[[0;32m  OK  [0m] Listening on fsck to fsckd communication Socket.
[    7.849502] systemd[1]: Reached target Swap.
[[0;32m  OK  [0m] Reached target Swap.
[    7.851804] systemd[1]: Listening on udev Control Socket.
[[0;32m  OK  [0m] Listening on udev Control Socket.
[    7.861139] systemd[1]: Listening on /dev/initctl Compatibility Named Pipe.
[[0;32m  OK  [0m] Listening on /dev/initctl Compatibility Named Pipe.
[    7.868977] systemd[1]: Listening on Journal Audit Socket.
[[0;32m  OK  [0m] Listening on Journal Audit Socket.
[    7.871503] systemd[1]: Reached target System Time Synchronized.
[[0;32m  OK  [0m] Reached target System Time Synchronized.
[    7.874534] systemd[1]: Listening on Syslog Socket.
[[0;32m  OK  [0m] Listening on Syslog Socket.
[    7.884651] systemd[1]: Created slice User and Session Slice.
[[0;32m  OK  [0m] Created slice User and Session Slice.
[    7.893403] systemd[1]: Listening on udev Kernel Socket.
[[0;32m  OK  [0m] Listening on udev Kernel Socket.
[    7.900467] systemd[1]: Listening on Journal Socket.
[[0;32m  OK  [0m] Listening on Journal Socket.
[    7.908900] systemd[1]: Listening on Journal Socket (/dev/log).
[[0;32m  OK  [0m] Listening on Journal Socket (/dev/log).
[    7.914219] systemd[1]: Listening on LVM2 poll daemon socket.
[[0;32m  OK  [0m] Listening on LVM2 poll daemon socket.
[    7.916171] systemd[1]: Started Forward Password Requests to Wall Directory Watch.
[[0;32m  OK  [0m] Started Forward Password Requests to Wall Directory Watch.
[    7.919569] systemd[1]: Created slice System Slice.
[[0;32m  OK  [0m] Created slice System Slice.
[    7.940957] systemd[1]: Starting Journal Service...
         Starting Journal Service...
[    7.946214] systemd[1]: Starting Create list of required static device nodes for the current kernel...
         Starting Create list of required st... nodes for the current kernel...
[    7.962683] systemd[1]: Starting Load Kernel Modules...
         Starting Load Kernel Modules...
[    7.965715] systemd[1]: Reached target Slices.
[[0;32m  OK  [0m] Reached target Slices.
[    7.972587] systemd[1]: Starting Uncomplicated firewall...
         Starting Uncomplicated firewall...
[    7.980553] systemd[1]: Starting Monitoring of LVM2 mirrors, snapshots etc. using dmeventd or progress polling...
[    7.989425] Loading iSCSI transport class v2.0-870.
         Starting Monitoring of LVM2 mirrors... dmeventd or progress polling...
[    7.993532] systemd[1]: Mounting Huge Pages File System...
         Mounting Huge Pages File System...
[    7.997500] systemd[1]: Created slice system-serial\x2dgetty.slice.
[[0;32m  OK  [0m] Created slice system-serial\x2dgetty.slice.
[    8.006667] systemd[1]: Starting Nameserver information manager...
         Starting Nameserver information manager...
[    8.013361] systemd[1]: Starting Set console keymap...
         Starting Set console keymap...
[    8.018029] systemd[1]: Starting File System Check on Root Device...
         Starting File System Check on Root Device...
[    8.024485] systemd[1]: Mounting Debug File System...
         Mountin[    8.027977] iscsi: registered transport (tcp)
g Debug File System...
[    8.029677] systemd[1]: Mounting POSIX Message Queue File System...
         Mounting POSIX Message Queue File Syste[    8.038228] systemd[1]: Mounted Huge Pages File System.
m...
[[0;32m  OK  [[    8.040503] systemd[1]: Mounted POSIX Message Queue File System.
0m] Mounted Huge Pages File System.
[[0;32m  OK  [0[    8.044846] systemd[1]: Mounted Debug File System.
m] Mounted POSIX Message Queue File System.
[[0;32m  OK  [0m] Mounted Debug File System.
[    8.065308] systemd[1]: Started Journal Service.
[[0;32m  OK  [0m] Started Journal Service.
[[0;32m  OK  [0m] Started Create list of required sta...ce nodes for the current kernel.
[[0;32m  OK  [0m] Started Uncomplicated firewall.
[[0;32m  OK  [0m] Started LVM2 metadata daemon.
[[0;32m  OK  [0m] Started File System Check Daemon to report status.
         Starting Create Static Device Nodes in /dev...
[[0;32m  OK  [0m] Started Nameserver information manager.
[[0;32m  OK  [0m] Started File System Check on Root Device.
         Starting Remount Root and Kernel File Systems...
[    8.165708] EXT4-fs (sda1): re-mounted. Opts: (null)
[[0;32m  OK  [0m] Started Remount Root and Kernel File Systems.
[    8.186512] iscsi: registered transport (iser)
         Starting udev Coldplug all Devices...
         Starting Load/Save Random Seed...
         Starting Flush Journal to Persistent Storage...
[[0;32m  OK  [0m] Started Load Kernel Modules.
[[0;32m  OK  [0m] Started Set console keymap.
[[0;32m  OK  [0m] Started Load/Save Random Seed.
[[0;32m  OK  [0m] Started Create Static Device Nodes in /dev.
         Starting udev Kernel Device Manager...
         Mounting FUSE Control File System...
         Starting Apply Kernel Variables...
[    8.264655] random: nonblocking pool is initialized
[    8.274480] systemd-journald[384]: Received request to flush runtime journal from PID 1
[[0;32m  OK  [0m] Mounted FUSE Control File System.
[[0;32m  OK  [0m] Started Flush Journal to Persistent Storage.
[[0;32m  OK  [0m] Started Apply Kernel Variables.
[[0;32m  OK  [0m] Started udev Kernel Device Manager.
[[0;32m  OK  [0m] Started udev Coldplug all Devices.
[[0;32m  OK  [0m] Started Dispatch Password Requests to Console Directory Watch.
[[0;32m  OK  [0m] Started Monitoring of LVM2 mirrors,...ng dmeventd or progress polling.
[[0;32m  OK  [0m] Reached target Local File Systems (Pre).
[[0;32m  OK  [0m] Reached target Local File Systems.
         Starting Create Volatile Files and Directories...
         Starting Initial cloud-init job (pre-networking)...
         Starting LSB: AppArmor initialization...
         Starting Set console font and keymap...
         Starting Tell Plymouth To Write Out Runtime Data...
         Starting Commit a transient machine-id on disk...
[[0;32m  OK  [0m] Started Create Volatile Files and Directories.
         Starting Update UTMP about System Boot/Shutdown...
[[0;32m  OK  [0m] Started Tell Plymouth To Write Out Runtime Data.
[[0;32m  OK  [0m] Started Commit a transient machine-id on disk.
[[0;32m  OK  [0m] Started Update UTMP about System Boot/Shutdown.
[[0;32m  OK  [0m] Found device /dev/ttyS0.
[[0;32m  OK  [0m] Listening on Load/Save RF Kill Switch Status /dev/rfkill Watch.
[[0;32m  OK  [0m] Started Set console font and keymap.
[[0;32m  OK  [0m] Created slice system-getty.slice.
[[0;32m  OK  [0m] Started LSB: AppArmor initialization.
[   10.889916] cloud-init[506]: Cloud-init v. 21.1-19-gbad84ad4-0ubuntu1~16.04.2 running 'init-local' at Thu, 11 May 2023 10:35:57 +0000. Up 10.05 seconds.
         Starting Load AppArmor profiles managed internally by snapd...
[[0;32m  OK  [0m] Started Load AppArmor profiles managed internally by snapd.
[[0;32m  OK  [0m] Started Initial cloud-init job (pre-networking).
[[0;32m  OK  [0m] Reached target Network (Pre).
         Starting Raise network interfaces...
[[0;32m  OK  [0m] Started Raise network interfaces.
[[0;32m  OK  [0m] Reached target Network.
         Starting Initial cloud-init job (metadata service crawler)...
[   12.785318] cloud-init[977]: Cloud-init v. 21.1-19-gbad84ad4-0ubuntu1~16.04.2 running 'init' at Thu, 11 May 2023 10:35:59 +0000. Up 12.04 seconds.
[   12.787734] cloud-init[977]: ci-info: ++++++++++++++++++++++++++++++++++++++Net device info+++++++++++++++++++++++++++++++++++++++
[   12.792306] cloud-init[977]: ci-info: +--------+-------+----------------------------+---------------+--------+-------------------+
[   12.794576] cloud-init[977]: ci-info: | Device |   Up  |          Address           |      Mask     | Scope  |     Hw-Address    |
[   12.796589] cloud-init[977]: ci-info: +--------+-------+----------------------------+---------------+--------+-------------------+
[   12.800324] cloud-init[977]: ci-info: | enp0s3 |  True |         10.0.2.15          | 255.255.255.0 | global | 02:be:82:6b:cc:1d |
[   12.809288] cloud-init[977]: ci-info: | enp0s3 |  True | fe80::be:82ff:fe6b:cc1d/64 |       .       |  link  | 02:be:82:6b:cc:1d |
[   12.811651] cloud-init[977]: ci-info: | enp0s8 | False |             .              |       .       |   .    | 08:00:27:5c:ec:23 |
[   12.820674] cloud-init[977]: ci-info: |   lo   |  True |         127.0.0.1          |   255.0.0.0   |  host  |         .         |
[   12.823301] cloud-init[977]: ci-info: |   lo   |  True |          ::1/128           |       .       |  host  |         .         |
[   12.825566] cloud-init[977]: ci-info: +--------+-------+----------------------------+---------------+--------+-------------------+
[   12.827897] cloud-init[977]: ci-info: +++++++++++++++++++++++++++Route IPv4 info++++++++++++++++++++++++++++
[   12.830033] cloud-init[977]: ci-info: +-------+-------------+----------+---------------+-----------+-------+
[   12.832509] cloud-init[977]: ci-info: | Route | Destination | Gateway  |    Genmask    | Interface | Flags |
[   12.840596] cloud-init[977]: ci-info: +-------+-------------+----------+---------------+-----------+-------+
[   12.842684] cloud-init[977]: ci-info: |   0   |   0.0.0.0   | 10.0.2.2 |    0.0.0.0    |   enp0s3  |   UG  |
[   12.844667] cloud-init[977]: ci-info: |   1   |   10.0.2.0  | 0.0.0.0  | 255.255.255.0 |   enp0s3  |   U   |
[   12.848297] cloud-init[977]: ci-info: +-------+-------------+----------+---------------+-----------+-------+
[   12.850355] cloud-init[977]: ci-info: +++++++++++++++++++Route IPv6 info+++++++++++++++++++
[   12.852279] cloud-init[977]: ci-info: +-------+-------------+---------+-----------+-------+
[   12.861667] cloud-init[977]: ci-info: | Route | Destination | Gateway | Interface | Flags |
[   12.869138] cloud-init[977]: ci-info: +-------+-------------+---------+-----------+-------+
[   12.872107] cloud-init[977]: ci-info: |   0   |  fe80::/64  |    ::   |   enp0s3  |   U   |
[   12.875615] cloud-init[977]: ci-info: |   3   |   ff00::/8  |    ::   |   enp0s3  |   U   |
[   12.877519] cloud-init[977]: ci-info: +-------+-------------+---------+-----------+-------+
[   12.881146] cloud-init[977]: Generating public/private rsa key pair.
[   12.896654] cloud-init[977]: Your identification has been saved in /etc/ssh/ssh_host_rsa_key.
[   12.900780] cloud-init[977]: Your public key has been saved in /etc/ssh/ssh_host_rsa_key.pub.
[   12.908994] cloud-init[977]: The key fingerprint is:
[   12.910634] cloud-init[977]: SHA256:Px9hwvdmRdvZcEU/HrqoXT45WHWivAW++HeVl03t9ZI root@ubuntu-xenial
[   12.913285] cloud-init[977]: The key's randomart image is:
[   12.920553] cloud-init[977]: +---[RSA 2048]----+
[   12.921862] cloud-init[977]: |               .o|
[   12.923048] cloud-init[977]: |                o|
[   12.932417] cloud-init[977]: |              .o=|
[   12.933807] cloud-init[977]: |         .  . +=%|
[   12.934262] cloud-init[977]: |        S oo++.O@|
[[0;32m  OK  [0m] Started Initial cloud-init job (metadata service crawler).
[   12.935014] cloud-init[977]: |         . +=+E+*|
[[0;32m  OK  [0m[   12.939950] cloud-init[977]: |          oo+*=.o|
[   12.940913] cloud-init[977]: |          ++=B. .|
[   12.941801] ] cloud-initReached target Network is Online.[977]: 
|         . oooo. |
[   12.942686] cloud-init[977]: +----[SHA256]-----+
[   12.946533] cloud-init[977]: Generating public/private dsa key pair.
[   12.948641] cloud-init[977]: Your identification has been saved in /etc/ssh/ssh_host_dsa_key.
[   12.956476] cloud-init[977]: Your public key has been saved in /etc/ssh/ssh_host_dsa_key.pub.
[   12.957965] cloud-init[977]: The key fingerprint is:
[   12.959091] cloud-init[977]: SHA256:CAdbtXcMyhJy7gstngb/q7JCEFpsiHkhvgMTqqWc+wM root@ubuntu-xenial
[   12.960607] cloud-init[977]: The key's randomart image is:
[   12.961621] cloud-init[977]: +---[DSA 1024]----+
[   12.962603] cloud-init[977]: |++..o +.. .      |
[   12.969664] cloud-init[977]: |Bo=  B o o o     |
         Starting iSCSI initiator daemon (iscsid)...
[   12.969962] cloud-init[977]: |=*. o + + . o    |
[   12.970045] cloud-init[977]: |*+o  = o . .     |
[   12.970430] cloud-init[977]: |+=. o + S        |
[   12.970744] cloud-init[977]: | Eo+ + .         |
[[0;32m  OK  [0m] Reached target Cloud-config availability.
[   12.977729] [[0;32m  OK  [0m] Reached target System Initialization.
cloud-init[[977]: [0;32m  OK  [0m|... = .          |] 
Started Daily apt download activities.
[   12.983159] [[0;32m  OK  [0m] Listening on UUID daemon activation socket.
cloud-init[977]: [[0;32m  OK  [0m] Started ACPI Events Check.
[[0;32m  OK  [0m] Reached target Paths.
[[0;32m  OK  [0m] Listening on D-Bus System Message Bus Socket.
[[0;32m  OK  [0m] Started Daily Cleanup of Temporary Directories.
         Starting Socket activation for snappy daemon.
[[0;32m  OK  [0m] Started Message of the Day.
|. oo .           |         Starting LXD - unix socket.

[   12.993865] cloud-init[977]: | ..+o.o.         |
[[0;32m  OK  [0m] Started Ubuntu Advantage update messaging.
[[0;32m  OK  [0m] Started Daily apt upgrade and clean activities.
[[0;32m  OK  [0m] Reached target Timers.
[[0;32m  OK  [0m] Listening on ACPID Listen Socket.
[   13.000778] cloud-init[977]: +----[SHA256]-----+
[   13.002178] cloud-init[977]: Generating public/private ecdsa key pair.
[   13.003686] cloud-init[977]: Your identification has been saved in /etc/ssh/ssh_host_ecdsa_key.
[   13.005379] cloud-init[977]: Your public key has been saved in /etc/ssh/ssh_host_ecdsa_key.pub.
[   13.005766] cloud-init[977]: The key fingerprint is:
[[0;32m  OK  [0m] Listening on Socket activation for snappy daemon.
[   13.006592] cloud-init[977]: SHA256:/CO7sCuSO+O6AnqFsOaf5PKZoy65BgXcm1rOWXjO9CI root@ubuntu-xenial
[   13.006972] cloud-init[977]: The key's randomart image is:
[   13.007095] cloud-init[977]: +---[ECDSA 256]---+
[   13.023063] cloud-init[977]: |. .              |
[   13.023914] cloud-init[977]: |.. .             |
[   13.024944] cloud-init[977]: | .  +            |
[   13.039071] [cloud-init[0;32m  OK  [0m[977]: ] |. .= + .         |Listening on LXD - unix socket.

[   13.040465] cloud-init[[0;32m  OK  [0m] [977]: Reached target Sockets.| +=.B . S        |

[[0;32m  OK  [0m[   13.042566] ] cloud-initReached target Basic System.[977]: 
|+o.E.+ . .       |
[   13.045367] cloud-init[977]: |*. +. o . o      |
[   13.052516] cloud-init[977]: |=+O.=  o o .     |
[   13.052861] cloud-init[977]: |OOB%..o.o.       |
[   13.054567] cloud-init[977]: +----[SHA256]-----+
[   13.055259] cloud-init[977]: Generating public/private ed25519 key pair.
[   13.058065] cloud-init[977]: Your identification has been saved in /etc/ssh/ssh_host_ed25519_key.
[   13.059917] cloud-init[977]: Your public key has been saved in /etc/ssh/ssh_host_ed25519_key.pub.
         Starting /etc/rc.local Compatibility...
[   13.063222] cloud-init[977]: The key fingerprint is:
[   13.065228]          Starting Pollinate to seed the pseudo random number generator...
cloud-init[977]: SHA256:t4fw5DD300B2H5sqTw42eu9r5bzVUSPeQEvbGOGrD9s root@ubuntu-xenial
[[0;32m  OK  [0m] Started ACPI event daemon.
         Starting LSB: Record successful boot for GRUB...
         Starting Virtualbox guest utils...
[[0;32m  OK  [0m] Started D-Bus System Message Bus.
[   13.077884] cloud-init[977]: The key's randomart image is:
[   13.104550] cloud-init[977]: +--[ED25519 256]--+
[   13.105523] cloud-init[977]: |             =.  |
[   13.106683] cloud-init[977]: |            + *  |
[   13.117501] cloud-init[977]: |            oB.+.|
[   13.119926] cloud-init[977]: |           o..=.*|
[   13.121993] cloud-init[977]: |        S + .o =.|
[   13.124864] cloud-init[977]: |         X +.o..o|
[   13.130660] cloud-init[977]: |          =B+o= o|
[   13.132445] cloud-init[977]: |          oo%o o.|
[   13.134727] cloud-init[977]: |         ...+E...|
[   13.137760] cloud-init[977]: +----[SHA256]-----+
         Starting LXD - container startup/shutdown...
         Starting System Logging Service...
         Starting Accounts Service...
         Starting LSB: MD monitoring daemon...
[[0;32m  OK  [0m] Started FUSE filesystem for LXC.
         Starting Login Service...
[[0;32m  OK  [0m] Started Deferred execution scheduler.
[[0;32m  OK  [0m] Started Regular background program processing daemon.
         Starting Snap Daemon...
[[0;32m  OK  [0m] Started System Logging Service.
[[0;32m  OK  [0m] Started iSCSI initiator daemon (iscsid).
[[0;32m  OK  [0m] Started /etc/rc.local Compatibility.
[[0;32m  OK  [0m] Started Login Service.
[[0;32m  OK  [0m] Started Unattended Upgrades Shutdown.
         Starting Login to default iSCSI targets...
         Starting Authenticate and Authorize Users to Run Privileged Tasks...
[[0;32m  OK  [0m] Started LSB: Record successful boot for GRUB.
[[0;32m  OK  [0m] Started LSB: MD monitoring daemon.
[[0;32m  OK  [0m] Started LXD - container startup/shutdown.
[[0;32m  OK  [0m] Started Login to default iSCSI targets.
[[0;32m  OK  [0m] Started Authenticate and Authorize Users to Run Privileged Tasks.
[[0;32m  OK  [0m] Reached target Remote File Systems (Pre).
[[0;32m  OK  [0m] Reached target Remote File Systems.
         Starting LSB: daemon to balance interrupts for SMP systems...
         Starting LSB: Set the CPU Frequency Scaling governor to "ondemand"...
         Starting LSB: automatic crash report generation...
         Starting Permit User Sessions...
[[0;32m  OK  [0m] Started Accounts Service.
[[0;32m  OK  [0m] Started Permit User Sessions.
         Starting Hold until boot process finishes up...
         Starting Terminate Plymouth Boot Screen...
[[0;32m  OK  [0m] Started Hold until boot process finishes up.
         Starting Set console scheme...
[[0;32m  OK  [0m] Started Serial Getty on ttyS0.
[[0;32m  OK  [0m] Started Getty on tty1.
[[0;32m  OK  [0m] Reached target Login Prompts.
[[0;32m  OK  [0m] Started LSB: Set the CPU Frequency Scaling governor to "ondemand".
[[0;32m  OK  [0m] Started LSB: automatic crash report generation.
[[0;32m  OK  [0m] Started Terminate Plymouth Boot Screen.
[[0;32m  OK  [0m] Started LSB: daemon to balance interrupts for SMP systems.
[[0;32m  OK  [0m] Started Set console scheme.
[[0;32m  OK  [0m] Started Pollinate to seed the pseudo random number generator.
[[0;32m  OK  [0m] Started Virtualbox guest utils.
         Starting OpenBSD Secure Shell server...
[[0;32m  OK  [0m] Started OpenBSD Secure Shell server.
[[0;32m  OK  [0m] Started Snap Daemon.
         Starting Wait until snapd is fully seeded...
[[0;32m  OK  [0m] Created slice User Slice of vagrant.
         Starting User Manager for UID 1000...
[[0;32m  OK  [0m] Started Session 1 of user vagrant.
[[0;32m  OK  [0m] Started User Manager for UID 1000.
[[0;32m  OK  [0m] Started Wait until snapd is fully seeded.
[[0;32m  OK  [0m] Reached target Multi-User System.
[[0;32m  OK  [0m] Reached target Graphical Interface.
         Starting Update UTMP about System Runlevel Changes...
         Starting Apply the settings specified in cloud-config...
[[0;32m  OK  [0m] Started Update UTMP about System Runlevel Changes.
[   16.888523] cloud-init[1417]: Generating locales (this might take a while)...
[   18.162243] cloud-init[1417]:   en_US.UTF-8... done
[   18.168691] cloud-init[1417]: Generation complete.
[   18.854697] cloud-init[1417]: Cloud-init v. 21.1-19-gbad84ad4-0ubuntu1~16.04.2 running 'modules:config' at Thu, 11 May 2023 10:36:04 +0000. Up 16.56 seconds.

Ubuntu 16.04.7 LTS ubuntu-xenial ttyS0

ubuntu-xenial login: ci-info: no authorized SSH keys fingerprints found for user ubuntu.
<14>May 11 10:36:08 ec2: 
<14>May 11 10:36:08 ec2: #############################################################
<14>May 11 10:36:08 ec2: -----BEGIN SSH HOST KEY FINGERPRINTS-----
<14>May 11 10:36:08 ec2: 1024 SHA256:CAdbtXcMyhJy7gstngb/q7JCEFpsiHkhvgMTqqWc+wM root@ubuntu-xenial (DSA)
<14>May 11 10:36:08 ec2: 256 SHA256:/CO7sCuSO+O6AnqFsOaf5PKZoy65BgXcm1rOWXjO9CI root@ubuntu-xenial (ECDSA)
<14>May 11 10:36:08 ec2: 256 SHA256:t4fw5DD300B2H5sqTw42eu9r5bzVUSPeQEvbGOGrD9s root@ubuntu-xenial (ED25519)
<14>May 11 10:36:08 ec2: 2048 SHA256:Px9hwvdmRdvZcEU/HrqoXT45WHWivAW++HeVl03t9ZI root@ubuntu-xenial (RSA)
<14>May 11 10:36:08 ec2: -----END SSH HOST KEY FINGERPRINTS-----
<14>May 11 10:36:08 ec2: #############################################################
-----BEGIN SSH HOST KEY KEYS-----
ecdsa-sha2-nistp256 AAAAE2VjZHNhLXNoYTItbmlzdHAyNTYAAAAIbmlzdHAyNTYAAABBBH3PZO7X+VVM3MMeXWtTYTp6OuBnPEibY7R842JEn52NiDeVf0UCXoEbXnc610muud4ZsbDTSoIZvCyvraXE/Cg= root@ubuntu-xenial
ssh-ed25519 AAAAC3NzaC1lZDI1NTE5AAAAINnntAfTZ8wr6uT0ARh1n6OLzsLkwCy+zkwVQMTMzztS root@ubuntu-xenial
ssh-rsa AAAAB3NzaC1yc2EAAAADAQABAAABAQC7yie2DMR6Uswp0teM9Lrm4zqqQnfjbUVLEvupFVqdWFifHfI7x/dm0mjuMRvw4AZGqirUPhy64LsYC3jZS9ZANCT2h+Wl06GwMSlWd1kCiwtWjeNbHNFNdpA2yqVcjHu9otadjX/dXmq+kyqDlZ+L/mJpatE9OeJePRAFJloPJ398Rwg1pBJta60UALYk12GG12qWKT8e10OmxNTgn3PF3YuU4P4xVYK5Rz8qsXRCdmhWYGJs45fIIapqbA/lGuJaXwOOIdc/I9sImT4eG8v1ByQjhT75EcqHnzHe3YThY1MwjBGNEY4+Mn0mUFm+W26xFOx6nvAD4G1W9nu0mCjn root@ubuntu-xenial
-----END SSH HOST KEY KEYS-----
[   20.688272] cloud-init[1601]: Cloud-init v. 21.1-19-gbad84ad4-0ubuntu1~16.04.2 running 'modules:final' at Thu, 11 May 2023 10:36:07 +0000. Up 20.20 seconds.
[   20.691737] cloud-init[1601]: ci-info: no authorized SSH keys fingerprints found for user ubuntu.
[   20.693418] cloud-init[1601]: Cloud-init v. 21.1-19-gbad84ad4-0ubuntu1~16.04.2 finished at Thu, 11 May 2023 10:36:08 +0000. Datasource DataSourceNoCloud [seed=/dev/sdb][dsmode=net].  Up 20.65 seconds
